<?xml version="1.0" encoding="utf-8"?>
<TestRun id="ff66c4b0-f18b-4ec5-8f9d-0716f3ce0aed" name="Administrator@DAIKO-B049 2025-02-26 15:35:14" runUser="DAIKO-B049\Administrator" xmlns="http://microsoft.com/schemas/VisualStudio/TeamTest/2010">
  <Times creation="2025-02-26T15:35:14.4137727+09:00" queuing="2025-02-26T15:35:14.4137730+09:00" start="2025-02-26T15:35:10.7858564+09:00" finish="2025-02-26T15:35:14.4212960+09:00" />
  <TestSettings name="default" id="61902c20-8886-4ddb-8256-75323b31a43d">
    <Deployment runDeploymentRoot="Administrator_DAIKO-B049_2025-02-26_15_35_14" />
  </TestSettings>
  <Results>
    <UnitTestResult executionId="2a528527-bda8-473e-abc2-f6fd6528b954" testId="c9594381-5133-5a5e-6902-45cd16af6ea6" testName="実行可能なパラメーターかどうか" computerName="DAIKO-B049" duration="00:00:00.0010000" startTime="2025-02-26T15:35:14.2397924+09:00" endTime="2025-02-26T15:35:14.2397924+09:00" testType="13cdc9d9-ddb5-4fa4-a97d-d965ccfc6d4b" outcome="Passed" testListId="8c84fa94-04c1-424b-9868-57a2d4851a1d" relativeResultsDirectory="2a528527-bda8-473e-abc2-f6fd6528b954" />
    <UnitTestResult executionId="2ebb9e88-9c3d-4c38-bbc7-6822992b0cce" testId="e8dac0e7-ac0d-9b3c-25a8-ca4533734529" testName="xlsx の最大セル XFD1048576の変換を行う" computerName="DAIKO-B049" duration="00:00:00.0010000" startTime="2025-02-26T15:35:14.2240735+09:00" endTime="2025-02-26T15:35:14.2240735+09:00" testType="13cdc9d9-ddb5-4fa4-a97d-d965ccfc6d4b" outcome="Passed" testListId="8c84fa94-04c1-424b-9868-57a2d4851a1d" relativeResultsDirectory="2ebb9e88-9c3d-4c38-bbc7-6822992b0cce" />
    <UnitTestResult executionId="257f4341-3c60-4b1e-83ae-fd36f05e32ae" testId="4f2d184b-3027-373a-8d0e-92fc575f9290" testName="機能が許容する最大セル XFD1048576の変換を行う" computerName="DAIKO-B049" duration="00:00:00.0010000" startTime="2025-02-26T15:35:14.2240735+09:00" endTime="2025-02-26T15:35:14.2397924+09:00" testType="13cdc9d9-ddb5-4fa4-a97d-d965ccfc6d4b" outcome="Passed" testListId="8c84fa94-04c1-424b-9868-57a2d4851a1d" relativeResultsDirectory="257f4341-3c60-4b1e-83ae-fd36f05e32ae" />
    <UnitTestResult executionId="0b28d82b-ba80-4f4e-b04f-6d857ff1005a" testId="95c00b6a-1a7a-cad9-a100-82a38f5413ba" testName="BA - BZ の変換を行う" computerName="DAIKO-B049" duration="00:00:00.2640000" startTime="2025-02-26T15:35:13.9573955+09:00" endTime="2025-02-26T15:35:14.2042864+09:00" testType="13cdc9d9-ddb5-4fa4-a97d-d965ccfc6d4b" outcome="Passed" testListId="8c84fa94-04c1-424b-9868-57a2d4851a1d" relativeResultsDirectory="0b28d82b-ba80-4f4e-b04f-6d857ff1005a" />
    <UnitTestResult executionId="3ed81bd6-d049-4a6b-932f-31b70ee55e4a" testId="5dd8002c-1550-1fa3-5821-1afcedf0be08" testName="A - Z の変換を行う" computerName="DAIKO-B049" duration="00:00:00.0010000" startTime="2025-02-26T15:35:14.2240735+09:00" endTime="2025-02-26T15:35:14.2240735+09:00" testType="13cdc9d9-ddb5-4fa4-a97d-d965ccfc6d4b" outcome="Passed" testListId="8c84fa94-04c1-424b-9868-57a2d4851a1d" relativeResultsDirectory="3ed81bd6-d049-4a6b-932f-31b70ee55e4a" />
    <UnitTestResult executionId="ead52fd0-cca7-4d57-ad6a-94a44e8f950f" testId="6cbc7b45-c9c5-70ae-d792-a7e96f514c37" testName="Metroit.Spreadsheet.Utilities.Core.XUnitTests.UnitTest1.列インデックスからA1形式の列文字列に変換する" computerName="DAIKO-B049" duration="00:00:00.0010000" startTime="2025-02-26T15:35:14.2700089+09:00" endTime="2025-02-26T15:35:14.2700089+09:00" testType="13cdc9d9-ddb5-4fa4-a97d-d965ccfc6d4b" outcome="Passed" testListId="8c84fa94-04c1-424b-9868-57a2d4851a1d" relativeResultsDirectory="ead52fd0-cca7-4d57-ad6a-94a44e8f950f" />
    <UnitTestResult executionId="fdd07479-27df-4b5d-8ef3-4b93724ebc00" testId="8b91a5a0-9ce4-4f04-22d9-41397fb5a128" testName="Metroit.Spreadsheet.Utilities.Core.XUnitTests.UnitTest1.R1C1形式の値からA1形式の文字列に変換する" computerName="DAIKO-B049" duration="00:00:00.0010000" startTime="2025-02-26T15:35:14.2700089+09:00" endTime="2025-02-26T15:35:14.2700089+09:00" testType="13cdc9d9-ddb5-4fa4-a97d-d965ccfc6d4b" outcome="Passed" testListId="8c84fa94-04c1-424b-9868-57a2d4851a1d" relativeResultsDirectory="fdd07479-27df-4b5d-8ef3-4b93724ebc00" />
    <UnitTestResult executionId="20ae560a-2f35-440a-b8b3-5b7110307676" testId="9c63ae92-a7ed-d40a-9db8-9436193ef21c" testName="Metroit.Spreadsheet.Utilities.Core.XUnitTests.UnitTest1.A1形式の列文字列から列インデックスに変換する" computerName="DAIKO-B049" duration="00:00:00.3410000" startTime="2025-02-26T15:35:13.9729800+09:00" endTime="2025-02-26T15:35:14.2700089+09:00" testType="13cdc9d9-ddb5-4fa4-a97d-d965ccfc6d4b" outcome="Passed" testListId="8c84fa94-04c1-424b-9868-57a2d4851a1d" relativeResultsDirectory="20ae560a-2f35-440a-b8b3-5b7110307676" />
  </Results>
  <TestDefinitions>
    <UnitTest name="BA - BZ の変換を行う" storage="d:\app\github\metroit.spreadsheet.utilities.core\src\tests\metroit.spreadsheet.utilities.core.test\bin\debug\net481\metroit.spreadsheet.utilities.core.tests.dll" id="95c00b6a-1a7a-cad9-a100-82a38f5413ba">
      <Execution id="0b28d82b-ba80-4f4e-b04f-6d857ff1005a" />
      <TestMethod codeBase="D:\App\GitHub\Metroit.Spreadsheet.Utilities.Core\src\Tests\Metroit.Spreadsheet.Utilities.Core.Test\bin\Debug\net481\Metroit.Spreadsheet.Utilities.Core.Tests.dll" adapterTypeName="executor://xunit/VsTestRunner3/netfx/" className="Metroit.Spreadsheet.Utilities.Core.Tests.MetSsConvertTest" name="TestCase003" categoryName="hoge" />
    </UnitTest>
    <UnitTest name="機能が許容する最大セル XFD1048576の変換を行う" storage="d:\app\github\metroit.spreadsheet.utilities.core\src\tests\metroit.spreadsheet.utilities.core.test\bin\debug\net481\metroit.spreadsheet.utilities.core.tests.dll" id="4f2d184b-3027-373a-8d0e-92fc575f9290">
      <Execution id="257f4341-3c60-4b1e-83ae-fd36f05e32ae" />
      <TestMethod codeBase="D:\App\GitHub\Metroit.Spreadsheet.Utilities.Core\src\Tests\Metroit.Spreadsheet.Utilities.Core.Test\bin\Debug\net481\Metroit.Spreadsheet.Utilities.Core.Tests.dll" adapterTypeName="executor://xunit/VsTestRunner3/netfx/" className="Metroit.Spreadsheet.Utilities.Core.Tests.MetSsConvertTest" name="TestCase005" />
    </UnitTest>
    <UnitTest name="Metroit.Spreadsheet.Utilities.Core.XUnitTests.UnitTest1.A1形式の列文字列から列インデックスに変換する" storage="d:\app\github\metroit.spreadsheet.utilities.core\src\tests\metroit.spreadsheet.utilities.core.test\bin\debug\net481\metroit.spreadsheet.utilities.core.tests.dll" id="9c63ae92-a7ed-d40a-9db8-9436193ef21c">
      <Execution id="20ae560a-2f35-440a-b8b3-5b7110307676" />
      <TestMethod codeBase="D:\App\GitHub\Metroit.Spreadsheet.Utilities.Core\src\Tests\Metroit.Spreadsheet.Utilities.Core.Test\bin\Debug\net481\Metroit.Spreadsheet.Utilities.Core.Tests.dll" adapterTypeName="executor://xunit/VsTestRunner3/netfx/" className="Metroit.Spreadsheet.Utilities.Core.XUnitTests.UnitTest1" name="A1形式の列文字列から列インデックスに変換する" />
    </UnitTest>
    <UnitTest name="Metroit.Spreadsheet.Utilities.Core.XUnitTests.UnitTest1.列インデックスからA1形式の列文字列に変換する" storage="d:\app\github\metroit.spreadsheet.utilities.core\src\tests\metroit.spreadsheet.utilities.core.test\bin\debug\net481\metroit.spreadsheet.utilities.core.tests.dll" id="6cbc7b45-c9c5-70ae-d792-a7e96f514c37">
      <Execution id="ead52fd0-cca7-4d57-ad6a-94a44e8f950f" />
      <TestMethod codeBase="D:\App\GitHub\Metroit.Spreadsheet.Utilities.Core\src\Tests\Metroit.Spreadsheet.Utilities.Core.Test\bin\Debug\net481\Metroit.Spreadsheet.Utilities.Core.Tests.dll" adapterTypeName="executor://xunit/VsTestRunner3/netfx/" className="Metroit.Spreadsheet.Utilities.Core.XUnitTests.UnitTest1" name="列インデックスからA1形式の列文字列に変換する" />
    </UnitTest>
    <UnitTest name="実行可能なパラメーターかどうか" storage="d:\app\github\metroit.spreadsheet.utilities.core\src\tests\metroit.spreadsheet.utilities.core.test\bin\debug\net481\metroit.spreadsheet.utilities.core.tests.dll" id="c9594381-5133-5a5e-6902-45cd16af6ea6">
      <Execution id="2a528527-bda8-473e-abc2-f6fd6528b954" />
      <TestMethod codeBase="D:\App\GitHub\Metroit.Spreadsheet.Utilities.Core\src\Tests\Metroit.Spreadsheet.Utilities.Core.Test\bin\Debug\net481\Metroit.Spreadsheet.Utilities.Core.Tests.dll" adapterTypeName="executor://xunit/VsTestRunner3/netfx/" className="Metroit.Spreadsheet.Utilities.Core.Tests.MetSsConvertTest" name="TestCase001" />
    </UnitTest>
    <UnitTest name="Metroit.Spreadsheet.Utilities.Core.XUnitTests.UnitTest1.R1C1形式の値からA1形式の文字列に変換する" storage="d:\app\github\metroit.spreadsheet.utilities.core\src\tests\metroit.spreadsheet.utilities.core.test\bin\debug\net481\metroit.spreadsheet.utilities.core.tests.dll" id="8b91a5a0-9ce4-4f04-22d9-41397fb5a128">
      <Execution id="fdd07479-27df-4b5d-8ef3-4b93724ebc00" />
      <TestMethod codeBase="D:\App\GitHub\Metroit.Spreadsheet.Utilities.Core\src\Tests\Metroit.Spreadsheet.Utilities.Core.Test\bin\Debug\net481\Metroit.Spreadsheet.Utilities.Core.Tests.dll" adapterTypeName="executor://xunit/VsTestRunner3/netfx/" className="Metroit.Spreadsheet.Utilities.Core.XUnitTests.UnitTest1" name="R1C1形式の値からA1形式の文字列に変換する" />
    </UnitTest>
    <UnitTest name="xlsx の最大セル XFD1048576の変換を行う" storage="d:\app\github\metroit.spreadsheet.utilities.core\src\tests\metroit.spreadsheet.utilities.core.test\bin\debug\net481\metroit.spreadsheet.utilities.core.tests.dll" id="e8dac0e7-ac0d-9b3c-25a8-ca4533734529">
      <Execution id="2ebb9e88-9c3d-4c38-bbc7-6822992b0cce" />
      <TestMethod codeBase="D:\App\GitHub\Metroit.Spreadsheet.Utilities.Core\src\Tests\Metroit.Spreadsheet.Utilities.Core.Test\bin\Debug\net481\Metroit.Spreadsheet.Utilities.Core.Tests.dll" adapterTypeName="executor://xunit/VsTestRunner3/netfx/" className="Metroit.Spreadsheet.Utilities.Core.Tests.MetSsConvertTest" name="TestCase004" />
    </UnitTest>
    <UnitTest name="A - Z の変換を行う" storage="d:\app\github\metroit.spreadsheet.utilities.core\src\tests\metroit.spreadsheet.utilities.core.test\bin\debug\net481\metroit.spreadsheet.utilities.core.tests.dll" id="5dd8002c-1550-1fa3-5821-1afcedf0be08">
      <Execution id="3ed81bd6-d049-4a6b-932f-31b70ee55e4a" />
      <TestMethod codeBase="D:\App\GitHub\Metroit.Spreadsheet.Utilities.Core\src\Tests\Metroit.Spreadsheet.Utilities.Core.Test\bin\Debug\net481\Metroit.Spreadsheet.Utilities.Core.Tests.dll" adapterTypeName="executor://xunit/VsTestRunner3/netfx/" className="Metroit.Spreadsheet.Utilities.Core.Tests.MetSsConvertTest" name="TestCase002" />
    </UnitTest>
  </TestDefinitions>
  <TestEntries>
    <TestEntry testId="c9594381-5133-5a5e-6902-45cd16af6ea6" executionId="2a528527-bda8-473e-abc2-f6fd6528b954" testListId="8c84fa94-04c1-424b-9868-57a2d4851a1d" />
    <TestEntry testId="e8dac0e7-ac0d-9b3c-25a8-ca4533734529" executionId="2ebb9e88-9c3d-4c38-bbc7-6822992b0cce" testListId="8c84fa94-04c1-424b-9868-57a2d4851a1d" />
    <TestEntry testId="4f2d184b-3027-373a-8d0e-92fc575f9290" executionId="257f4341-3c60-4b1e-83ae-fd36f05e32ae" testListId="8c84fa94-04c1-424b-9868-57a2d4851a1d" />
    <TestEntry testId="95c00b6a-1a7a-cad9-a100-82a38f5413ba" executionId="0b28d82b-ba80-4f4e-b04f-6d857ff1005a" testListId="8c84fa94-04c1-424b-9868-57a2d4851a1d" />
    <TestEntry testId="5dd8002c-1550-1fa3-5821-1afcedf0be08" executionId="3ed81bd6-d049-4a6b-932f-31b70ee55e4a" testListId="8c84fa94-04c1-424b-9868-57a2d4851a1d" />
    <TestEntry testId="6cbc7b45-c9c5-70ae-d792-a7e96f514c37" executionId="ead52fd0-cca7-4d57-ad6a-94a44e8f950f" testListId="8c84fa94-04c1-424b-9868-57a2d4851a1d" />
    <TestEntry testId="8b91a5a0-9ce4-4f04-22d9-41397fb5a128" executionId="fdd07479-27df-4b5d-8ef3-4b93724ebc00" testListId="8c84fa94-04c1-424b-9868-57a2d4851a1d" />
    <TestEntry testId="9c63ae92-a7ed-d40a-9db8-9436193ef21c" executionId="20ae560a-2f35-440a-b8b3-5b7110307676" testListId="8c84fa94-04c1-424b-9868-57a2d4851a1d" />
  </TestEntries>
  <TestLists>
    <TestList name="一覧に存在しない結果" id="8c84fa94-04c1-424b-9868-57a2d4851a1d" />
    <TestList name="読み込まれたすべての結果" id="19431567-8539-422a-85d7-44ee4e166bda" />
  </TestLists>
  <ResultSummary outcome="Completed">
    <Counters total="8" executed="8" passed="8" failed="0" error="0" timeout="0" aborted="0" inconclusive="0" passedButRunAborted="0" notRunnable="0" notExecuted="0" disconnected="0" warning="0" completed="0" inProgress="0" pending="0" />
    <Output>
      <StdOut>[xUnit.net 00:00:00.00] xUnit.net VSTest Adapter v3.0.2+dd36e86129 (64-bit .NET Framework 4.8.9290.0)&#xD;
[xUnit.net 00:00:01.81]   Discovering: Metroit.Spreadsheet.Utilities.Core.Tests&#xD;
[xUnit.net 00:00:01.92]   Discovered:  Metroit.Spreadsheet.Utilities.Core.Tests&#xD;
[xUnit.net 00:00:01.98]   Starting:    Metroit.Spreadsheet.Utilities.Core.Tests&#xD;
[xUnit.net 00:00:02.40]   Finished:    Metroit.Spreadsheet.Utilities.Core.Tests&#xD;
</StdOut>
    </Output>
  </ResultSummary>
</TestRun>